
> posture-shrimp@0.1.0 tauri
> tauri build

        Info Looking up installed tauri packages to check mismatched versions...
        Warn The bundle identifier "com.postureshrimp.app" set in `"tauri.conf.json" identifier` ends with `.app`. This is not recommended because it conflicts with the application bundle extension on macOS.
     Running beforeBuildCommand `npm run build`

> posture-shrimp@0.1.0 build
> tsc && vite build

[36mvite v5.4.21 [32mbuilding for production...[36m[39m
transforming...

/noise.png referenced in /noise.png didn't resolve at build time, it will remain unchanged to be resolved at runtime
[32m✓[39m 2669 modules transformed.
rendering chunks...
computing gzip size...
[2mdist/[22m[32mindex.html                 [39m[1m[2m  0.41 kB[22m[1m[22m[2m │ gzip:   0.28 kB[22m
[2mdist/[22m[35massets/index-DuzgyrqW.css  [39m[1m[2m 21.08 kB[22m[1m[22m[2m │ gzip:   4.34 kB[22m
[2mdist/[22m[36massets/index-D02EfLzz.js   [39m[1m[33m832.74 kB[39m[22m[2m │ gzip: 249.45 kB[22m

(!) Some chunks are larger than 500 kB after minification. Consider:
- Using dynamic import() to code-split the application
- Use build.rollupOptions.output.manualChunks to improve chunking: https://rollupjs.org/configuration-options/#output-manualchunks
- Adjust chunk size limit for this warning via build.chunkSizeWarningLimit.
[32m✓ built in 7.32s[39m
    Updating crates.io index
 Downloading crates ...
  Downloaded adler2 v2.0.1
  Downloaded cpufeatures v0.2.17
  Downloaded phf_shared v0.8.0
  Downloaded serialize-to-javascript v0.1.2
  Downloaded serialize-to-javascript-impl v0.1.2
  Downloaded servo_arc v0.2.0
  Downloaded sync_wrapper v0.1.2
  Downloaded synstructure v0.13.2
  Downloaded webview2-com-macros v0.8.1
  Downloaded windows-result v0.3.4
  Downloaded zerofrom-derive v0.1.7
  Downloaded yoke-derive v0.8.2
  Downloaded yoke v0.8.2
  Downloaded windows-threading v0.1.0
  Downloaded winreg v0.55.0
  Downloaded regex-automata v0.4.14
  Downloaded libc v0.2.185
  Downloaded zmij v1.0.21
  Downloaded tauri-runtime-wry v2.10.1
  Downloaded url v2.5.8
  Downloaded unicode-segmentation v1.13.2
  Downloaded typenum v1.19.0
  Downloaded vcpkg v0.2.15
  Downloaded time v0.3.47
  Downloaded tracing v0.1.44
  Downloaded tauri v2.10.3
  Downloaded tao v0.34.8
  Downloaded tokio-util v0.7.18
  Downloaded tauri-utils v2.8.3
  Downloaded tauri-plugin-store v2.4.2
  Downloaded encoding_rs v0.8.35
  Downloaded tokio v1.51.1
  Downloaded zerovec-derive v0.11.3
  Downloaded brotli v8.0.2
  Downloaded windows-targets v0.52.6
  Downloaded winnow v0.7.15
  Downloaded wry v0.54.4
  Downloaded zerocopy v0.8.48
  Downloaded chrono v0.4.44
  Downloaded winreg v0.50.0
  Downloaded windows-version v0.1.7
  Downloaded windows-targets v0.53.5
  Downloaded windows-targets v0.48.5
  Downloaded syn v2.0.117
  Downloaded winnow v1.0.1
  Downloaded regex-syntax v0.8.10
  Downloaded hyper v0.14.32
  Downloaded h2 v0.3.27
  Downloaded writeable v0.6.3
  Downloaded windows-core v0.61.2
  Downloaded tray-icon v0.21.3
  Downloaded tracing-core v0.1.36
  Downloaded syn v1.0.109
  Downloaded zerotrie v0.2.4
  Downloaded serde_with v3.18.0
  Downloaded zerovec v0.11.6
  Downloaded quick-xml v0.37.5
  Downloaded idna v1.1.0
  Downloaded icu_properties_data v2.2.0
  Downloaded hashbrown v0.17.0
  Downloaded hashbrown v0.14.5
  Downloaded brotli-decompressor v5.0.0
  Downloaded zerofrom v0.1.7
  Downloaded windows-strings v0.4.2
  Downloaded windows-link v0.2.1
  Downloaded windows-interface v0.59.3
  Downloaded windows-implement v0.60.2
  Downloaded windows-future v0.2.1
  Downloaded windows-collections v0.2.0
  Downloaded winapi-util v0.1.11
  Downloaded tracing-attributes v0.1.31
  Downloaded tendril v0.4.3
  Downloaded windows_x86_64_msvc v0.48.5
  Downloaded tauri-winrt-notification v0.7.2
  Downloaded tauri-runtime v2.10.1
  Downloaded tauri-macros v2.5.5
  Downloaded windows_x86_64_msvc v0.53.1
  Downloaded windows_x86_64_msvc v0.52.6
  Downloaded tauri-codegen v2.5.5
  Downloaded tauri-build v2.5.6
  Downloaded softbuffer v0.4.8
  Downloaded serde_json v1.0.149
  Downloaded indexmap v2.14.0
  Downloaded futures-util v0.3.32
  Downloaded aho-corasick v1.1.4
  Downloaded windows-numerics v0.2.0
  Downloaded windows-link v0.1.3
  Downloaded webview2-com v0.38.2
  Downloaded walkdir v2.5.0
  Downloaded version_check v0.9.5
  Downloaded uuid v1.23.0
  Downloaded window-vibrancy v0.6.0
  Downloaded urlpattern v0.3.0
  Downloaded unicode-ident v1.0.24
  Downloaded unic-ucd-ident v0.9.0
  Downloaded unic-common v0.9.0
  Downloaded unic-char-range v0.9.0
  Downloaded unic-char-property v0.9.0
  Downloaded typeid v1.0.3
  Downloaded try-lock v0.2.5
  Downloaded toml v0.9.12+spec-1.1.0
  Downloaded thiserror-impl v2.0.18
  Downloaded thiserror-impl v1.0.69
  Downloaded thiserror v2.0.18
  Downloaded thiserror v1.0.69
  Downloaded tauri-winres v0.3.5
  Downloaded tauri-plugin v2.5.4
  Downloaded socket2 v0.6.3
  Downloaded socket2 v0.5.10
  Downloaded smallvec v1.15.1
  Downloaded slab v0.4.12
  Downloaded rusqlite v0.29.0
  Downloaded reqwest v0.11.27
  Downloaded regex v1.12.3
  Downloaded rand v0.7.3
  Downloaded indexmap v1.9.3
  Downloaded http v0.2.12
  Downloaded hashbrown v0.12.3
  Downloaded want v0.3.1
  Downloaded vswhom-sys v0.1.3
  Downloaded vswhom v0.1.0
  Downloaded utf8_iter v1.0.4
  Downloaded utf-8 v0.7.6
  Downloaded unic-ucd-version v0.9.0
  Downloaded tower-service v0.3.3
  Downloaded toml_writer v1.1.1+spec-1.1.0
  Downloaded toml_parser v1.1.2+spec-1.1.0
  Downloaded toml_datetime v0.7.5+spec-1.1.0
  Downloaded tokio-native-tls v0.3.1
  Downloaded tokio-macros v2.7.0
  Downloaded tinystr v0.8.3
  Downloaded time-macros v0.2.27
  Downloaded time-core v0.1.8
  Downloaded string_cache_codegen v0.5.4
  Downloaded string_cache v0.8.9
  Downloaded siphasher v1.0.2
  Downloaded siphasher v0.3.11
  Downloaded serde v1.0.228
  Downloaded schemars v1.2.1
  Downloaded schemars v0.9.0
  Downloaded rand v0.8.5
  Downloaded png v0.17.16
  Downloaded notify-rust v4.14.0
  Downloaded icu_normalizer_data v2.2.0
  Downloaded icu_normalizer v2.2.0
  Downloaded icu_collections v2.2.0
  Downloaded http v1.4.0
  Downloaded windows-sys v0.59.0
  Downloaded windows-sys v0.61.2
  Downloaded html5ever v0.29.1
  Downloaded getrandom v0.4.2
  Downloaded flate2 v1.1.9
  Downloaded derive_more v0.99.20
  Downloaded darling_core v0.23.0
  Downloaded crossbeam-channel v0.5.15
  Downloaded windows-sys v0.60.2
  Downloaded cc v1.2.60
  Downloaded stable_deref_trait v1.2.1
  Downloaded serde_derive_internals v0.29.1
  Downloaded windows-sys v0.52.0
  Downloaded serde_derive v1.0.228
  Downloaded windows-sys v0.48.0
  Downloaded libsqlite3-sys v0.26.0
  Downloaded serde_core v1.0.228
  Downloaded semver v1.0.28
  Downloaded schemars v0.8.22
  Downloaded schannel v0.1.29
  Downloaded ryu v1.0.23
  Downloaded proc-macro2 v1.0.106
  Downloaded phf_macros v0.11.3
  Downloaded parking_lot_core v0.9.12
  Downloaded parking_lot v0.12.5
  Downloaded once_cell v1.21.4
  Downloaded num-traits v0.2.19
  Downloaded muda v0.17.2
  Downloaded mio v1.2.0
  Downloaded memchr v2.8.0
  Downloaded markup5ever v0.14.1
  Downloaded log v0.4.29
  Downloaded litemap v0.8.2
  Downloaded icu_provider v2.2.0
  Downloaded icu_properties v2.2.0
  Downloaded icu_locale_core v2.2.0
  Downloaded ico v0.5.0
  Downloaded futures-lite v2.6.1
  Downloaded digest v0.10.7
  Downloaded darling v0.23.0
  Downloaded cssparser v0.29.6
  Downloaded crossbeam-utils v0.8.21
  Downloaded bitflags v2.11.0
  Downloaded strsim v0.11.1
  Downloaded simd-adler32 v0.3.9
  Downloaded shlex v1.3.0
  Downloaded sha2 v0.10.9
  Downloaded serde_with_macros v3.18.0
  Downloaded serde-untagged v0.1.9
  Downloaded selectors v0.24.0
  Downloaded rustls-pemfile v1.0.4
  Downloaded ref-cast-impl v1.0.25
  Downloaded rand_core v0.6.4
  Downloaded rand_core v0.5.1
  Downloaded quote v1.0.45
  Downloaded ppv-lite86 v0.2.21
  Downloaded pin-project-lite v0.2.17
  Downloaded phf v0.11.3
  Downloaded miniz_oxide v0.8.9
  Downloaded lock_api v0.4.14
  Downloaded keyboard-types v0.7.0
  Downloaded ipnet v2.12.0
  Downloaded infer v0.19.0
  Downloaded getrandom v0.1.16
  Downloaded deranged v0.5.8
  Downloaded cookie v0.18.1
  Downloaded bytes v1.11.1
  Downloaded base64 v0.22.1
  Downloaded scopeguard v1.2.0
  Downloaded schemars_derive v0.8.22
  Downloaded same-file v1.0.6
  Downloaded ref-cast v1.0.25
  Downloaded raw-window-handle v0.6.2
  Downloaded rand_chacha v0.3.1
  Downloaded proc-macro-hack v0.5.20+deprecated
  Downloaded phf_codegen v0.8.0
  Downloaded phf v0.10.1
  Downloaded parking v2.2.1
  Downloaded option-ext v0.2.0
  Downloaded nodrop v0.1.14
  Downloaded idna_adapter v1.2.1
  Downloaded httparse v1.10.1
  Downloaded hashlink v0.8.4
  Downloaded getrandom v0.3.4
  Downloaded getrandom v0.2.17
  Downloaded futures-channel v0.3.32
  Downloaded fdeflate v0.3.7
  Downloaded fastrand v2.4.1
  Downloaded fallible-iterator v0.2.0
  Downloaded erased-serde v0.4.10
  Downloaded embed-resource v3.0.8
  Downloaded dtoa v1.0.11
  Downloaded displaydoc v0.2.5
  Downloaded cssparser-macros v0.6.1
  Downloaded crc32fast v1.5.0
  Downloaded cfb v0.7.3
  Downloaded allocator-api2 v0.2.21
  Downloaded serde_urlencoded v0.7.1
  Downloaded serde_spanned v1.1.1
  Downloaded serde_repr v0.1.20
  Downloaded rustc_version v0.4.1
  Downloaded rand_pcg v0.2.1
  Downloaded rand_chacha v0.2.2
  Downloaded precomputed-hash v0.1.1
  Downloaded potential_utf v0.1.5
  Downloaded pkg-config v0.3.33
  Downloaded phf_generator v0.11.3
  Downloaded phf_generator v0.10.0
  Downloaded phf_codegen v0.11.3
  Downloaded num-conv v0.2.1
  Downloaded new_debug_unreachable v1.0.6
  Downloaded native-tls v0.2.18
  Downloaded kuchikiki v0.8.8-speedreader
  Downloaded futures-sink v0.3.32
  Downloaded futf v0.1.5
  Downloaded find-msvc-tools v0.1.9
  Downloaded fallible-streaming-iterator v0.1.9
  Downloaded dyn-clone v1.0.20
  Downloaded dunce v1.0.5
  Downloaded dtoa-short v0.3.5
  Downloaded dirs-sys v0.5.0
  Downloaded dirs v6.0.0
  Downloaded camino v1.2.2
  Downloaded byteorder v1.5.0
  Downloaded webview2-com-sys v0.38.2
  Downloaded powerfmt v0.2.0
  Downloaded phf_shared v0.11.3
  Downloaded phf_shared v0.10.0
  Downloaded phf_macros v0.10.0
  Downloaded phf_generator v0.8.0
  Downloaded phf v0.8.0
  Downloaded percent-encoding v2.3.2
  Downloaded match_token v0.1.0
  Downloaded mac v0.1.1
  Downloaded jsonptr v0.6.3
  Downloaded json-patch v3.0.1
  Downloaded hyper-tls v0.5.0
  Downloaded http-body v0.4.6
  Downloaded heck v0.5.0
  Downloaded glob v0.3.3
  Downloaded generic-array v0.14.7
  Downloaded fxhash v0.2.1
  Downloaded futures-core v0.3.32
  Downloaded form_urlencoded v1.2.2
  Downloaded fnv v1.0.7
  Downloaded equivalent v1.0.2
  Downloaded dpi v0.1.2
  Downloaded ctor v0.2.9
  Downloaded crypto-common v0.1.7
  Downloaded cargo_toml v0.22.3
  Downloaded cargo_metadata v0.19.2
  Downloaded base64 v0.21.7
  Downloaded autocfg v1.5.0
  Downloaded anyhow v1.0.102
  Downloaded mime v0.3.17
  Downloaded matches v0.1.10
  Downloaded itoa v1.0.18
  Downloaded ident_case v1.0.1
  Downloaded httpdate v1.0.3
  Downloaded hex v0.4.3
  Downloaded futures-task v0.3.32
  Downloaded futures-macro v0.3.32
  Downloaded futures-io v0.3.32
  Downloaded darling_macro v0.23.0
  Downloaded bitflags v1.3.2
  Downloaded alloc-stdlib v0.2.2
  Downloaded alloc-no-stdlib v2.0.4
  Downloaded ahash v0.8.12
  Downloaded convert_case v0.4.0
  Downloaded cfg-if v1.0.4
  Downloaded cargo-platform v0.1.9
  Downloaded block-buffer v0.10.4
  Downloaded windows v0.61.3
   Compiling proc-macro2 v1.0.106
   Compiling quote v1.0.45
   Compiling unicode-ident v1.0.24
   Compiling cfg-if v1.0.4
   Compiling zerocopy v0.8.48
   Compiling serde_core v1.0.228
   Compiling getrandom v0.2.17
   Compiling rand_core v0.6.4
   Compiling icu_properties_data v2.2.0
   Compiling icu_normalizer_data v2.2.0
   Compiling parking_lot_core v0.9.12
   Compiling syn v2.0.117
   Compiling stable_deref_trait v1.2.1
   Compiling windows-link v0.2.1
   Compiling zmij v1.0.21
   Compiling siphasher v1.0.2
   Compiling thiserror v2.0.18
   Compiling phf_shared v0.11.3
   Compiling serde v1.0.228
   Compiling smallvec v1.15.1
   Compiling siphasher v0.3.11
   Compiling getrandom v0.1.16
   Compiling ppv-lite86 v0.2.21
   Compiling windows_x86_64_msvc v0.52.6
   Compiling typeid v1.0.3
   Compiling rand_chacha v0.3.1
   Compiling version_check v0.9.5
   Compiling rand v0.8.5
   Compiling rand_core v0.5.1
   Compiling synstructure v0.13.2
   Compiling windows-sys v0.61.2
   Compiling phf_generator v0.11.3
   Compiling itoa v1.0.18
   Compiling thiserror v1.0.69
   Compiling memchr v2.8.0
   Compiling syn v1.0.109
   Compiling erased-serde v0.4.10
   Compiling litemap v0.8.2
   Compiling ident_case v1.0.1
   Compiling writeable v0.6.3
   Compiling strsim v0.11.1
   Compiling darling_core v0.23.0
   Compiling utf8_iter v1.0.4
   Compiling zerofrom-derive v0.1.7
   Compiling yoke-derive v0.8.2
   Compiling zerovec-derive v0.11.3
   Compiling serde_derive v1.0.228
   Compiling displaydoc v0.2.5
   Compiling zerofrom v0.1.7
   Compiling yoke v0.8.2
   Compiling thiserror-impl v2.0.18
   Compiling zerovec v0.11.6
   Compiling tinystr v0.8.3
   Compiling icu_locale_core v2.2.0
   Compiling potential_utf v0.1.5
   Compiling zerotrie v0.2.4
   Compiling phf_macros v0.11.3
   Compiling icu_collections v2.2.0
   Compiling icu_provider v2.2.0
   Compiling darling_macro v0.23.0
   Compiling thiserror-impl v1.0.69
   Compiling rand_chacha v0.2.2
   Compiling rand_pcg v0.2.1
   Compiling phf_shared v0.8.0
   Compiling anyhow v1.0.102
   Compiling proc-macro-hack v0.5.20+deprecated
   Compiling darling v0.23.0
   Compiling rand v0.7.3
   Compiling phf_shared v0.10.0
   Compiling byteorder v1.5.0
   Compiling serde_json v1.0.149
   Compiling new_debug_unreachable v1.0.6
   Compiling getrandom v0.4.2
   Compiling find-msvc-tools v0.1.9
   Compiling scopeguard v1.2.0
   Compiling shlex v1.3.0
   Compiling phf_generator v0.8.0
   Compiling lock_api v0.4.14
   Compiling cc v1.2.60
   Compiling phf_generator v0.10.0
   Compiling serde_with_macros v3.18.0
   Compiling icu_properties v2.2.0
   Compiling icu_normalizer v2.2.0
   Compiling phf_codegen v0.11.3
   Compiling string_cache_codegen v0.5.4
   Compiling precomputed-hash v0.1.1
   Compiling libc v0.2.185
   Compiling windows-link v0.1.3
   Compiling mac v0.1.1
   Compiling winnow v1.0.1
   Compiling futf v0.1.5
   Compiling markup5ever v0.14.1
   Compiling idna_adapter v1.2.1
   Compiling toml_parser v1.1.2+spec-1.1.0
   Compiling phf_macros v0.10.0
   Compiling parking_lot v0.12.5
   Compiling phf_codegen v0.8.0
   Compiling cssparser v0.29.6
   Compiling toml_datetime v0.7.5+spec-1.1.0
   Compiling serde_spanned v1.1.1
   Compiling semver v1.0.28
   Compiling autocfg v1.5.0
   Compiling winnow v0.7.15
   Compiling toml_writer v1.1.1+spec-1.1.0
   Compiling utf-8 v0.7.6
   Compiling once_cell v1.21.4
   Compiling percent-encoding v2.3.2
   Compiling bitflags v1.3.2
   Compiling dtoa v1.0.11
   Compiling log v0.4.29
   Compiling dtoa-short v0.3.5
   Compiling form_urlencoded v1.2.2
   Compiling tendril v0.4.3
   Compiling indexmap v1.9.3
   Compiling selectors v0.24.0
   Compiling string_cache v0.8.9
   Compiling toml v0.9.12+spec-1.1.0
   Compiling uuid v1.23.0
   Compiling phf v0.10.1
   Compiling idna v1.1.0
   Compiling phf v0.11.3
   Compiling ctor v0.2.9
   Compiling cssparser-macros v0.6.1
   Compiling aho-corasick v1.1.4
   Compiling alloc-no-stdlib v2.0.4
   Compiling nodrop v0.1.14
   Compiling camino v1.2.2
   Compiling pin-project-lite v0.2.17
   Compiling unic-common v0.9.0
   Compiling convert_case v0.4.0
   Compiling regex-syntax v0.8.10
   Compiling matches v0.1.10
   Compiling bytes v1.11.1
   Compiling unic-char-range v0.9.0
   Compiling unic-char-property v0.9.0
   Compiling derive_more v0.99.20
   Compiling unic-ucd-version v0.9.0
   Compiling servo_arc v0.2.0
   Compiling regex-automata v0.4.14
   Compiling alloc-stdlib v0.2.2
   Compiling url v2.5.8
   Compiling winapi-util v0.1.11
   Compiling windows-strings v0.4.2
   Compiling windows-result v0.3.4
   Compiling fxhash v0.2.1
   Compiling phf v0.8.0
   Compiling windows-implement v0.60.2
   Compiling windows-interface v0.59.3
   Compiling match_token v0.1.0
   Compiling serde_derive_internals v0.29.1
   Compiling hashbrown v0.17.0
   Compiling equivalent v1.0.2
   Compiling hashbrown v0.12.3
   Compiling schemars v0.8.22
   Compiling fnv v1.0.7
   Compiling cfb v0.7.3
   Compiling schemars_derive v0.8.22
   Compiling indexmap v2.14.0
   Compiling windows-core v0.61.2
   Compiling html5ever v0.29.1
   Compiling regex v1.12.3
   Compiling same-file v1.0.6
   Compiling brotli-decompressor v5.0.0
   Compiling unic-ucd-ident v0.9.0
   Compiling jsonptr v0.6.3
   Compiling cargo-platform v0.1.9
   Compiling dunce v1.0.5
   Compiling dyn-clone v1.0.20
   Compiling http v1.4.0
   Compiling brotli v8.0.2
   Compiling cargo_metadata v0.19.2
   Compiling json-patch v3.0.1
   Compiling urlpattern v0.3.0
   Compiling kuchikiki v0.8.8-speedreader
   Compiling walkdir v2.5.0
   Compiling serde-untagged v0.1.9
   Compiling infer v0.19.0
   Compiling vswhom-sys v0.1.3
   Compiling serde_with v3.18.0
   Compiling glob v0.3.3
   Compiling windows-targets v0.52.6
   Compiling windows-threading v0.1.0
   Compiling windows-sys v0.59.0
   Compiling windows-future v0.2.1
   Compiling tauri-utils v2.8.3
   Compiling windows-collections v0.2.0
   Compiling windows-numerics v0.2.0
   Compiling typenum v1.19.0
   Compiling windows v0.61.3
   Compiling winreg v0.55.0
   Compiling rustc_version v0.4.1
   Compiling generic-array v0.14.7
   Compiling option-ext v0.2.0
   Compiling dirs-sys v0.5.0
   Compiling vswhom v0.1.0
   Compiling embed-resource v3.0.8
   Compiling tracing-core v0.1.36
   Compiling socket2 v0.6.3
   Compiling mio v1.2.0
   Compiling tracing-attributes v0.1.31
   Compiling tokio-macros v2.7.0
   Compiling simd-adler32 v0.3.9
   Compiling futures-core v0.3.32
   Compiling crc32fast v1.5.0
   Compiling heck v0.5.0
   Compiling tokio v1.51.1
   Compiling tracing v0.1.44
   Compiling tauri-winres v0.3.5
   Compiling dirs v6.0.0
   Compiling cargo_toml v0.22.3
   Compiling webview2-com-sys v0.38.2
   Compiling windows-version v0.1.7
   Compiling time-core v0.1.8
   Compiling adler2 v2.0.1
   Compiling raw-window-handle v0.6.2
   Compiling crossbeam-utils v0.8.21
   Compiling num-conv v0.2.1
   Compiling powerfmt v0.2.0
   Compiling deranged v0.5.8
   Compiling time-macros v0.2.27
   Compiling miniz_oxide v0.8.9
   Compiling tauri-build v2.5.6
   Compiling dpi v0.1.2
   Compiling cookie v0.18.1
   Compiling bitflags v2.11.0
   Compiling windows_x86_64_msvc v0.53.1
   Compiling time v0.3.47
   Compiling flate2 v1.1.9
   Compiling crypto-common v0.1.7
   Compiling block-buffer v0.10.4
   Compiling fdeflate v0.3.7
   Compiling webview2-com-macros v0.8.1
   Compiling windows_x86_64_msvc v0.48.5
   Compiling unicode-segmentation v1.13.2
   Compiling webview2-com v0.38.2
   Compiling png v0.17.16
   Compiling digest v0.10.7
   Compiling crossbeam-channel v0.5.15
   Compiling tauri v2.10.3
   Compiling http v0.2.12
   Compiling ahash v0.8.12
   Compiling native-tls v0.2.18
   Compiling cpufeatures v0.2.17
   Compiling httparse v1.10.1
   Compiling futures-task v0.3.32
   Compiling tauri-runtime v2.10.1
   Compiling futures-sink v0.3.32
   Compiling wry v0.54.4
   Compiling tokio-util v0.7.18
   Compiling futures-util v0.3.32
   Compiling sha2 v0.10.9
   Compiling windows-targets v0.53.5
   Compiling ico v0.5.0
   Compiling tauri-plugin v2.5.4
   Compiling windows-sys v0.52.0
   Compiling schannel v0.1.29
   Compiling tauri-runtime-wry v2.10.1
   Compiling base64 v0.22.1
   Compiling slab v0.4.12
   Compiling getrandom v0.3.4
   Compiling pkg-config v0.3.33
   Compiling try-lock v0.2.5
   Compiling vcpkg v0.2.15
   Compiling want v0.3.1
   Compiling h2 v0.3.27
   Compiling libsqlite3-sys v0.26.0
   Compiling tauri-codegen v2.5.5
   Compiling socket2 v0.5.10
   Compiling tauri-plugin-store v2.4.2
   Compiling windows-targets v0.48.5
   Compiling windows-sys v0.60.2
   Compiling tao v0.34.8
   Compiling http-body v0.4.6
   Compiling keyboard-types v0.7.0
   Compiling softbuffer v0.4.8
   Compiling futures-channel v0.3.32
   Compiling serialize-to-javascript-impl v0.1.2
   Compiling tower-service v0.3.3
   Compiling httpdate v1.0.3
   Compiling mime v0.3.17
   Compiling allocator-api2 v0.2.21
   Compiling hyper v0.14.32
   Compiling serialize-to-javascript v0.1.2
   Compiling window-vibrancy v0.6.0
   Compiling hashbrown v0.14.5
   Compiling muda v0.17.2
   Compiling windows-sys v0.48.0
   Compiling tokio-native-tls v0.3.1
   Compiling tauri-macros v2.5.5
   Compiling quick-xml v0.37.5
   Compiling serde_repr v0.1.20
   Compiling futures-io v0.3.32
   Compiling parking v2.2.1
   Compiling base64 v0.21.7
   Compiling fastrand v2.4.1
   Compiling ryu v1.0.23
   Compiling serde_urlencoded v0.7.1
   Compiling futures-lite v2.6.1
   Compiling rustls-pemfile v1.0.4
   Compiling tauri-winrt-notification v0.7.2
   Compiling hyper-tls v0.5.0
   Compiling winreg v0.50.0
   Compiling hashlink v0.8.4
   Compiling posture-shrimp v0.1.0 (D:\a\posture-shrimp\posture-shrimp\src-tauri)
   Compiling encoding_rs v0.8.35
   Compiling sync_wrapper v0.1.2
   Compiling fallible-streaming-iterator v0.1.9
   Compiling ipnet v2.12.0
   Compiling fallible-iterator v0.2.0
   Compiling rusqlite v0.29.0
   Compiling reqwest v0.11.27
   Compiling notify-rust v4.14.0
warning: unused import: `Preference`
 --> src\db\queries.rs:2:30
  |
2 | use super::models::{Session, Preference};
  |                              ^^^^^^^^^^
  |
  = note: `#[warn(unused_imports)]` (part of `#[warn(unused)]`) on by default

warning: struct `Session` is never constructed
 --> src\db\models.rs:4:12
  |
4 | pub struct Session {
  |            ^^^^^^^
  |
  = note: `#[warn(dead_code)]` (part of `#[warn(unused)]`) on by default

warning: struct `Preference` is never constructed
  --> src\db\models.rs:13:12
   |
13 | pub struct Preference {
   |            ^^^^^^^^^^

warning: function `insert_session` is never used
  --> src\db\queries.rs:27:8
   |
27 | pub fn insert_session(conn: &Connection, session: &Session) -> Result<i64> {
   |        ^^^^^^^^^^^^^^

warning: `posture-shrimp` (bin "posture-shrimp") generated 4 warnings (run `cargo fix --bin "posture-shrimp" -p posture-shrimp` to apply 1 suggestion)
    Finished `release` profile [optimized] target(s) in 6m 32s
       Built application at: D:\a\posture-shrimp\posture-shrimp\src-tauri\target\release\posture-shrimp.exe
        Info Patching D:\a\posture-shrimp\posture-shrimp\src-tauri\target\release\posture-shrimp.exe with bundle type information: msi
        Info Verifying wix package
 Downloading https://github.com/wixtoolset/wix3/releases/download/wix3141rtm/wix314-binaries.zip
        Info validating hash
        Info extracting WIX
        Info Target: x64
     Running candle for "D:\\a\\posture-shrimp\\posture-shrimp\\src-tauri\\target\\release\\wix\\x64\\main.wxs"
     Running light to produce D:\a\posture-shrimp\posture-shrimp\src-tauri\target\release\bundle\msi\PostureShrimp_0.1.0_x64_en-US.msi
        Info Patching D:\a\posture-shrimp\posture-shrimp\src-tauri\target\release\posture-shrimp.exe with bundle type information: nsis
        Info Verifying NSIS package
 Downloading https://github.com/tauri-apps/binary-releases/releases/download/nsis-3.11/nsis-3.11.zip
        Info validating hash
        Info extracting NSIS
 Downloading https://github.com/tauri-apps/nsis-tauri-utils/releases/download/nsis_tauri_utils-v0.5.3/nsis_tauri_utils.dll
        Info validating hash
        Info Target: x64
     Running makensis to produce D:\a\posture-shrimp\posture-shrimp\src-tauri\target\release\bundle\nsis\PostureShrimp_0.1.0_x64-setup.exe
    Finished 2 bundles at:
        D:\a\posture-shrimp\posture-shrimp\src-tauri\target\release\bundle\msi\PostureShrimp_0.1.0_x64_en-US.msi
        D:\a\posture-shrimp\posture-shrimp\src-tauri\target\release\bundle\nsis\PostureShrimp_0.1.0_x64-setup.exe

