
> posture-shrimp@0.1.0 test
> jest

node.exe : FAIL tests/e2e/workflow.spec.ts
At line:1 char:1
+ & "C:\Program Files\nodejs/node.exe" "C:\Program Files\nodejs/node_mo ...
+ ~~~~~~~~~~~~~~~~~~~~~~~~~~~~~~~~~~~~~~~~~~~~~~~~~~~~~~~~~~~~~~~~~~~~~
    + CategoryInfo          : NotSpecified: (FAIL tests/e2e/workflow.spec.ts:String) [], RemoteException
    + FullyQualifiedErrorId : NativeCommandError
 
  ΓùÅ Test suite failed to run

    Jest encountered an unexpected token

    Jest failed to parse a file. This happens e.g. when your code or its dependencies use non-standard JavaScript 
syntax, or when Jest is not configured to support such syntax.

    Out of the box Jest supports Babel, which will be used to transform your files into valid JS based on your Babel 
configuration.

    By default "node_modules" folder is ignored by transformers.

    Here's what you can do:
     ΓÇó If you are trying to use ECMAScript Modules, see https://jestjs.io/docs/ecmascript-modules for how to enable 
it.
     ΓÇó If you are trying to use TypeScript, see https://jestjs.io/docs/getting-started#using-typescript
     ΓÇó To have some of your "node_modules" files transformed, you can specify a custom "transformIgnorePatterns" in 
your config.
     ΓÇó If you need a custom transformation specify a "transform" option in your config.
     ΓÇó If you simply want to mock your non-JS modules (e.g. binary assets) you can stub them out with the 
"moduleNameMapper" config option.

    You'll find more details and examples of these config options in the docs:
    https://jestjs.io/docs/configuration
    For information about custom transformations, see:
    https://jestjs.io/docs/code-transformation

    Details:

    F:\Google Antigravity\Face app\posture-shrimp\tests\e2e\workflow.spec.ts:1
    ({"Object.<anonymous>":function(module,exports,require,__dirname,__filename,jest){import { test, expect } from 
'@playwright/test';
                                                                                      ^^^^^^

    SyntaxError: Cannot use import statement outside a module

      at Runtime.createScriptFromCode (node_modules/jest-runtime/build/index.js:1505:14)

FAIL tests/unit/geometry.test.ts
  ΓùÅ Test suite failed to run

    Jest encountered an unexpected token

    Jest failed to parse a file. This happens e.g. when your code or its dependencies use non-standard JavaScript 
syntax, or when Jest is not configured to support such syntax.

    Out of the box Jest supports Babel, which will be used to transform your files into valid JS based on your Babel 
configuration.

    By default "node_modules" folder is ignored by transformers.

    Here's what you can do:
     ΓÇó If you are trying to use ECMAScript Modules, see https://jestjs.io/docs/ecmascript-modules for how to enable 
it.
     ΓÇó If you are trying to use TypeScript, see https://jestjs.io/docs/getting-started#using-typescript
     ΓÇó To have some of your "node_modules" files transformed, you can specify a custom "transformIgnorePatterns" in 
your config.
     ΓÇó If you need a custom transformation specify a "transform" option in your config.
     ΓÇó If you simply want to mock your non-JS modules (e.g. binary assets) you can stub them out with the 
"moduleNameMapper" config option.

    You'll find more details and examples of these config options in the docs:
    https://jestjs.io/docs/configuration
    For information about custom transformations, see:
    https://jestjs.io/docs/code-transformation

    Details:

    F:\Google Antigravity\Face app\posture-shrimp\tests\unit\geometry.test.ts:1
    ({"Object.<anonymous>":function(module,exports,require,__dirname,__filename,jest){import { calculateAngle, 
calculateXDifference, calculateYDifference } from '../../src/lib/utils/geometry';
                                                                                      ^^^^^^

    SyntaxError: Cannot use import statement outside a module

      at Runtime.createScriptFromCode (node_modules/jest-runtime/build/index.js:1505:14)

FAIL tests/unit/posture-scorer.test.ts
  ΓùÅ Test suite failed to run

    SyntaxError: F:\Google Antigravity\Face app\posture-shrimp\tests\unit\posture-scorer.test.ts: Unexpected token, 
expected "{" (3:29)

    [0m [90m 1 |[39m [36mimport[39m { calculatePostureScore[33m,[39m [33mNormalizedLandmark[39m } 
[36mfrom[39m [32m'../../src/lib/mediapipe/posture-scorer'[39m[33m;[39m
     [90m 2 |[39m
    [31m[1m>[22m[39m[90m 3 |[39m [36mfunction[39m createMockLandmark()[33m:[39m [33mNormalizedLandmark[39m 
{
     [90m   |[39m                              [31m[1m^[22m[39m
     [90m 4 |[39m   [36mreturn[39m { x[33m:[39m [35m0.5[39m[33m,[39m y[33m:[39m [35m0.5[39m[33m,[39m 
z[33m:[39m [35m0[39m[33m,[39m visibility[33m:[39m [35m0.9[39m }[33m;[39m
     [90m 5 |[39m }
     [90m 6 |[39m[0m

      at constructor (node_modules/@babel/parser/src/parse-error.ts:95:45)
      at Parser.toParseError [as raise] (node_modules/@babel/parser/src/tokenizer/index.ts:1504:19)
      at Parser.raise [as unexpected] (node_modules/@babel/parser/src/tokenizer/index.ts:1544:16)
      at Parser.unexpected [as expect] (node_modules/@babel/parser/src/parser/util.ts:157:12)
      at Parser.expect [as parseBlock] (node_modules/@babel/parser/src/parser/statement.ts:1381:10)
      at Parser.parseBlock [as parseFunctionBody] (node_modules/@babel/parser/src/parser/expression.ts:2621:24)
      at Parser.parseFunctionBody [as parseFunctionBodyAndFinish] 
(node_modules/@babel/parser/src/parser/expression.ts:2590:10)
      at parseFunctionBodyAndFinish (node_modules/@babel/parser/src/parser/statement.ts:1695:12)
      at Parser.callback [as withSmartMixTopicForbiddingContext] 
(node_modules/@babel/parser/src/parser/expression.ts:3171:14)
      at Parser.withSmartMixTopicForbiddingContext [as parseFunction] 
(node_modules/@babel/parser/src/parser/statement.ts:1693:10)
      at Parser.parseFunction [as parseFunctionStatement] (node_modules/@babel/parser/src/parser/statement.ts:1080:17)
      at Parser.parseFunctionStatement [as parseStatementContent] 
(node_modules/@babel/parser/src/parser/statement.ts:525:21)
      at Parser.parseStatementContent [as parseStatementLike] 
(node_modules/@babel/parser/src/parser/statement.ts:482:17)
      at Parser.parseStatementLike [as parseModuleItem] (node_modules/@babel/parser/src/parser/statement.ts:419:17)
      at Parser.parseModuleItem [as parseBlockOrModuleBlockBody] 
(node_modules/@babel/parser/src/parser/statement.ts:1443:16)
      at Parser.parseBlockOrModuleBlockBody [as parseBlockBody] 
(node_modules/@babel/parser/src/parser/statement.ts:1417:10)
      at Parser.parseBlockBody [as parseProgram] (node_modules/@babel/parser/src/parser/statement.ts:229:10)
      at Parser.parseProgram [as parseTopLevel] (node_modules/@babel/parser/src/parser/statement.ts:203:25)
      at Parser.parseTopLevel [as parse] (node_modules/@babel/parser/src/parser/index.ts:83:25)
      at parse (node_modules/@babel/parser/src/index.ts:86:38)
      at parser (node_modules/@babel/core/src/parser/index.ts:29:19)
          at parser.next (<anonymous>)
      at normalizeFile (node_modules/@babel/core/src/transformation/normalize-file.ts:50:24)
          at normalizeFile.next (<anonymous>)
      at run (node_modules/@babel/core/src/transformation/index.ts:41:36)
          at run.next (<anonymous>)
      at transform (node_modules/@babel/core/src/transform.ts:29:20)
          at transform.next (<anonymous>)
      at evaluateSync (node_modules/gensync/index.js:251:28)
      at sync (node_modules/gensync/index.js:89:14)
      at fn (node_modules/@babel/core/src/errors/rewrite-stack-trace.ts:99:14)
      at transformSync (node_modules/@babel/core/src/transform.ts:66:52)
      at ScriptTransformer.transformSource (node_modules/@jest/transform/build/ScriptTransformer.js:545:31)
      at ScriptTransformer._transformAndBuildScript (node_modules/@jest/transform/build/ScriptTransformer.js:674:40)
      at ScriptTransformer.transform (node_modules/@jest/transform/build/ScriptTransformer.js:726:19)

Test Suites: 3 failed, 3 total
Tests:       0 total
Snapshots:   0 total
Time:        0.845 s
Ran all test suites.
